I'm sorry, but errors were detected in your script. Please correct the
errors listed below, and try again.


File "game/script.rpy", line 99: expected statement.
    p = "Aaaai!"
      ^

Ren'Py Version: Ren'Py 7.3.5.606
Thu Jul 09 02:53:07 2020
